----------------------------------------------------------
runtime Log (LogLevel: Verbose)
Running somsai-load-0cddc3579bf74ebe9b2f1817bcc59a79 1.0.0.0 on .NET 8.0.20
Environment: Windows (Microsoft Windows NT 10.0.19045.0), 12 cores 
----------------------------------------------------------
2026-09-06 14:03:53 [verbose]: 🖼️ Initialising "Dummy" renderer with "OpenGL" surface
2026-09-06 14:03:53 [verbose]: Host execution state changed to Running
2026-09-06 14:03:53 [verbose]: Execution mode changed to MultiThreaded
2026-09-06 14:03:54 [verbose]: 🔈 BASS initialised
2026-09-06 14:03:54 [verbose]: BASS version:           2.4.17.48
2026-09-06 14:03:54 [verbose]: BASS FX version:        2.4.12.16
2026-09-06 14:03:54 [verbose]: BASS MIX version:       2.4.12.10
2026-09-06 14:03:54 [verbose]: Device:                 Default
2026-09-06 14:03:54 [verbose]: Driver:
2026-09-06 14:03:54 [verbose]: Device period length:   0
2026-09-06 14:03:54 [verbose]: Device buffer length:   10 ms
2026-09-06 14:03:54 [verbose]: Update period:          5 ms
2026-09-06 14:03:54 [verbose]: Playback buffer length: 100 ms
2026-09-06 14:03:54 [verbose]: Beginning realm file store cleanup
2026-09-06 14:03:54 [verbose]: Finished realm file store cleanup (0 of 0 deleted)
2026-09-06 14:03:54 [verbose]: Opened realm "E:\333\pythonEPTA\SERVAK\.sources\SomsAi.Load.Check\headless\somsai-load-0cddc3579bf74ebe9b2f1817bcc59a79\client.realm" at version 51
2026-09-06 14:03:55 [verbose]: [EnhancedAuth] authlib_local_config.json not found, using default config.
2026-09-06 14:03:55 [verbose]: 📺 OsuScreenStack#389(depth:1) loading SomsAiScreen#124
2026-09-06 14:03:56 [verbose]: 📺 OsuScreenStack#389(depth:1) entered SomsAiScreen#124
2026-09-06 14:03:56 [verbose]: 📺 OsuScreenStack#389(depth:1) suspended SomsAiScreen#124 (waiting on SomsAiScreen#159)
2026-09-06 14:03:56 [verbose]: 📺 OsuScreenStack#389(depth:2) loading SomsAiScreen#159
2026-09-06 14:03:56 [verbose]: 📺 OsuScreenStack#389(depth:2) entered SomsAiScreen#159
2026-09-06 14:03:56 [verbose]: 📺 OsuScreenStack#389(depth:2) suspended SomsAiScreen#159 (waiting on SomsTeamRankedPlayScreen#677)
2026-09-06 14:03:56 [verbose]: 📺 OsuScreenStack#389(depth:3) loading SomsTeamRankedPlayScreen#677
2026-09-06 14:03:56 [verbose]: 📺 OsuScreenStack#389(depth:3) entered SomsTeamRankedPlayScreen#677
2026-09-06 14:03:56 [verbose]: Host execution state changed to Stopping
2026-09-06 14:03:56 [verbose]: Host execution state changed to Stopped
