----------------------------------------------------------
runtime Log (LogLevel: Verbose)
Running somsai-load-c14795b8fb944929862515a1fda45bc1 1.0.0.0 on .NET 8.0.20
Environment: Windows (Microsoft Windows NT 10.0.19045.0), 12 cores 
----------------------------------------------------------
2026-09-06 03:03:46 [verbose]: 🖼️ Initialising "Dummy" renderer with "OpenGL" surface
2026-09-06 03:03:46 [verbose]: Host execution state changed to Running
2026-09-06 03:03:46 [verbose]: Execution mode changed to MultiThreaded
2026-09-06 03:03:46 [verbose]: 🔈 BASS initialised
2026-09-06 03:03:46 [verbose]: BASS version:           2.4.17.48
2026-09-06 03:03:46 [verbose]: BASS FX version:        2.4.12.16
2026-09-06 03:03:46 [verbose]: BASS MIX version:       2.4.12.10
2026-09-06 03:03:46 [verbose]: Device:                 Default
2026-09-06 03:03:46 [verbose]: Driver:
2026-09-06 03:03:46 [verbose]: Device period length:   0
2026-09-06 03:03:46 [verbose]: Device buffer length:   10 ms
2026-09-06 03:03:46 [verbose]: Update period:          5 ms
2026-09-06 03:03:46 [verbose]: Playback buffer length: 100 ms
2026-09-06 03:03:47 [verbose]: Beginning realm file store cleanup
2026-09-06 03:03:47 [verbose]: Finished realm file store cleanup (0 of 0 deleted)
2026-09-06 03:03:47 [verbose]: Opened realm "E:\333\pythonEPTA\SERVAK\.sources\SomsAi.Load.Check\headless\somsai-load-c14795b8fb944929862515a1fda45bc1\client.realm" at version 51
2026-09-06 03:03:47 [verbose]: [EnhancedAuth] authlib_local_config.json not found, using default config.
2026-09-06 03:03:48 [verbose]: 📺 OsuScreenStack#234(depth:1) loading SomsAiScreen#496
2026-09-06 03:03:49 [verbose]: 📺 OsuScreenStack#234(depth:1) entered SomsAiScreen#496
2026-09-06 03:03:49 [verbose]: 📺 OsuScreenStack#234(depth:1) suspended SomsAiScreen#496 (waiting on SomsAiScreen#377)
2026-09-06 03:03:49 [verbose]: 📺 OsuScreenStack#234(depth:2) loading SomsAiScreen#377
2026-09-06 03:03:49 [verbose]: 📺 OsuScreenStack#234(depth:2) entered SomsAiScreen#377
2026-09-06 03:03:49 [verbose]: 📺 OsuScreenStack#234(depth:2) suspended SomsAiScreen#377 (waiting on SomsTeamRankedPlayScreen#317)
2026-09-06 03:03:49 [verbose]: 📺 OsuScreenStack#234(depth:3) loading SomsTeamRankedPlayScreen#317
2026-09-06 03:03:49 [verbose]: 📺 OsuScreenStack#234(depth:3) entered SomsTeamRankedPlayScreen#317
2026-09-06 03:03:49 [verbose]: Host execution state changed to Stopping
2026-09-06 03:03:49 [verbose]: Host execution state changed to Stopped
