----------------------------------------------------------
runtime Log (LogLevel: Verbose)
Running legacy-interface-3b4fe6680db54abe8afa3d67f1cf7df3 1.0.0.0 on .NET 8.0.20
Environment: Windows (Microsoft Windows NT 10.0.19045.0), 12 cores 
----------------------------------------------------------
2026-09-07 21:55:09 [verbose]: 🖼️ Initialising "Dummy" renderer with "OpenGL" surface
2026-09-07 21:55:09 [verbose]: Host execution state changed to Running
2026-09-07 21:55:09 [verbose]: Execution mode changed to MultiThreaded
2026-09-07 21:55:09 [verbose]: 🔈 BASS initialised
2026-09-07 21:55:09 [verbose]: BASS version:           2.4.17.48
2026-09-07 21:55:09 [verbose]: BASS FX version:        2.4.12.16
2026-09-07 21:55:09 [verbose]: BASS MIX version:       2.4.12.10
2026-09-07 21:55:09 [verbose]: Device:                 Default
2026-09-07 21:55:09 [verbose]: Driver:
2026-09-07 21:55:09 [verbose]: Device period length:   0
2026-09-07 21:55:09 [verbose]: Device buffer length:   10 ms
2026-09-07 21:55:09 [verbose]: Update period:          5 ms
2026-09-07 21:55:09 [verbose]: Playback buffer length: 100 ms
2026-09-07 21:55:09 [verbose]: Beginning realm file store cleanup
2026-09-07 21:55:09 [verbose]: Finished realm file store cleanup (0 of 0 deleted)
2026-09-07 21:55:10 [verbose]: Opened realm "E:\333\pythonEPTA\SERVAK\headless\legacy-interface-3b4fe6680db54abe8afa3d67f1cf7df3\client.realm" at version 51
2026-09-07 21:55:10 [verbose]: [EnhancedAuth] authlib_local_config.json not found, using default config.
2026-09-07 21:55:12 [error]: An unhandled error has occurred.
2026-09-07 21:55:12 [error]: System.InvalidOperationException: Use TruncatingSpriteText instead.
2026-09-07 21:55:12 [error]: at osu.Game.Graphics.Sprites.OsuSpriteText.set_Truncate(Boolean value)
2026-09-07 21:55:12 [error]: at osu.Game.Rulesets.EnhancedAuth.UI.SomsLegacySongSelect.text(String value, Single size) in /work/osu.Game.Rulesets.EnhancedAuth/UI/SomsLegacySongSelect.cs:line 92
2026-09-07 21:55:12 [error]: at osu.Game.Rulesets.EnhancedAuth.UI.SomsLegacySongSelect.Rebuild(ISkinSource skin) in /work/osu.Game.Rulesets.EnhancedAuth/UI/SomsLegacySongSelect.cs:line 47
2026-09-07 21:55:12 [error]: at osu.Game.Rulesets.EnhancedAuth.UI.SomsLegacyComponent.<RequestRefresh>b__12_0() in /work/osu.Game.Rulesets.EnhancedAuth/UI/SomsLegacyComponent.cs:line 58
2026-09-07 21:55:12 [error]: at osu.Framework.Threading.ScheduledDelegate.InvokeTask()
2026-09-07 21:55:12 [error]: at osu.Framework.Threading.ScheduledDelegate.RunTaskInternal()
2026-09-07 21:55:12 [error]: at osu.Framework.Threading.Scheduler.Update()
2026-09-07 21:55:12 [error]: at osu.Framework.Graphics.Drawable.UpdateSubTree()
2026-09-07 21:55:12 [error]: at osu.Framework.Graphics.Containers.CompositeDrawable.UpdateSubTree()
2026-09-07 21:55:12 [error]: at osu.Framework.Graphics.Containers.CompositeDrawable.updateChild(Drawable c)
2026-09-07 21:55:12 [error]: at osu.Framework.Graphics.Containers.CompositeDrawable.UpdateSubTree()
2026-09-07 21:55:12 [error]: at osu.Framework.Graphics.Containers.CompositeDrawable.updateChild(Drawable c)
2026-09-07 21:55:12 [error]: at osu.Framework.Graphics.Containers.CompositeDrawable.UpdateSubTree()
2026-09-07 21:55:12 [error]: at osu.Framework.Graphics.Containers.CompositeDrawable.updateChild(Drawable c)
2026-09-07 21:55:12 [error]: at osu.Framework.Graphics.Containers.CompositeDrawable.UpdateSubTree()
2026-09-07 21:55:12 [error]: at osu.Framework.Graphics.Containers.CompositeDrawable.updateChild(Drawable c)
2026-09-07 21:55:12 [error]: at osu.Framework.Graphics.Containers.CompositeDrawable.UpdateSubTree()
2026-09-07 21:55:12 [error]: at osu.Framework.Graphics.Containers.CompositeDrawable.updateChild(Drawable c)
2026-09-07 21:55:12 [error]: at osu.Framework.Graphics.Containers.CompositeDrawable.UpdateSubTree()
2026-09-07 21:55:12 [error]: at osu.Framework.Graphics.Containers.CompositeDrawable.updateChild(Drawable c)
2026-09-07 21:55:12 [error]: at osu.Framework.Graphics.Containers.CompositeDrawable.UpdateSubTree()
2026-09-07 21:55:12 [error]: at osu.Framework.Graphics.Containers.CompositeDrawable.updateChild(Drawable c)
2026-09-07 21:55:12 [error]: at osu.Framework.Graphics.Containers.CompositeDrawable.UpdateSubTree()
2026-09-07 21:55:12 [error]: at osu.Framework.Graphics.Containers.CompositeDrawable.updateChild(Drawable c)
2026-09-07 21:55:12 [error]: at osu.Framework.Graphics.Containers.CompositeDrawable.UpdateSubTree()
2026-09-07 21:55:12 [error]: at osu.Framework.Graphics.Containers.CompositeDrawable.updateChild(Drawable c)
2026-09-07 21:55:12 [error]: at osu.Framework.Graphics.Containers.CompositeDrawable.UpdateSubTree()
2026-09-07 21:55:12 [error]: at osu.Framework.Graphics.Containers.CompositeDrawable.updateChild(Drawable c)
2026-09-07 21:55:12 [error]: at osu.Framework.Graphics.Containers.CompositeDrawable.UpdateSubTree()
2026-09-07 21:55:12 [error]: at osu.Framework.Graphics.Containers.CompositeDrawable.updateChild(Drawable c)
2026-09-07 21:55:12 [error]: at osu.Framework.Graphics.Containers.CompositeDrawable.UpdateSubTree()
2026-09-07 21:55:12 [error]: at osu.Framework.Graphics.Containers.CompositeDrawable.updateChild(Drawable c)
2026-09-07 21:55:12 [error]: at osu.Framework.Graphics.Containers.CompositeDrawable.UpdateSubTree()
2026-09-07 21:55:12 [error]: at osu.Framework.Graphics.Containers.CompositeDrawable.updateChild(Drawable c)
2026-09-07 21:55:12 [error]: at osu.Framework.Graphics.Containers.CompositeDrawable.UpdateSubTree()
2026-09-07 21:55:12 [error]: at osu.Framework.Graphics.Containers.CompositeDrawable.updateChild(Drawable c)
2026-09-07 21:55:12 [error]: at osu.Framework.Graphics.Containers.CompositeDrawable.UpdateSubTree()
2026-09-07 21:55:12 [error]: at osu.Framework.Graphics.Containers.CompositeDrawable.updateChild(Drawable c)
2026-09-07 21:55:12 [error]: at osu.Framework.Graphics.Containers.CompositeDrawable.UpdateSubTree()
2026-09-07 21:55:12 [error]: at osu.Framework.Platform.GameHost.UpdateFrame()
2026-09-07 21:55:12 [error]: at osu.Framework.Platform.HeadlessGameHost.UpdateFrame()
2026-09-07 21:55:12 [error]: at osu.Framework.Threading.GameThread.processFrame()
2026-09-07 21:55:12 [verbose]: Host execution state changed to Stopping
2026-09-07 21:55:12 [verbose]: Too many unhandled exceptions, crashing out.
2026-09-07 21:55:22 [verbose]: Host execution state changed to Stopped
