----------------------------------------------------------
runtime Log (LogLevel: Verbose)
Running legacy-interface-d6d1a3f4b08b44738150c7db5aeeb712 1.0.0.0 on .NET 8.0.20
Environment: Windows (Microsoft Windows NT 10.0.19045.0), 12 cores 
----------------------------------------------------------
2026-09-07 21:57:00 [verbose]: 🖼️ Initialising "Dummy" renderer with "OpenGL" surface
2026-09-07 21:57:00 [verbose]: Host execution state changed to Running
2026-09-07 21:57:00 [verbose]: Execution mode changed to MultiThreaded
2026-09-07 21:57:00 [verbose]: 🔈 BASS initialised
2026-09-07 21:57:00 [verbose]: BASS version:           2.4.17.48
2026-09-07 21:57:00 [verbose]: BASS FX version:        2.4.12.16
2026-09-07 21:57:00 [verbose]: BASS MIX version:       2.4.12.10
2026-09-07 21:57:00 [verbose]: Device:                 Default
2026-09-07 21:57:00 [verbose]: Driver:
2026-09-07 21:57:00 [verbose]: Device period length:   0
2026-09-07 21:57:00 [verbose]: Device buffer length:   10 ms
2026-09-07 21:57:00 [verbose]: Update period:          5 ms
2026-09-07 21:57:00 [verbose]: Playback buffer length: 100 ms
2026-09-07 21:57:00 [verbose]: Beginning realm file store cleanup
2026-09-07 21:57:00 [verbose]: Finished realm file store cleanup (0 of 0 deleted)
2026-09-07 21:57:01 [verbose]: Opened realm "E:\333\pythonEPTA\SERVAK\headless\legacy-interface-d6d1a3f4b08b44738150c7db5aeeb712\client.realm" at version 51
2026-09-07 21:57:01 [verbose]: [EnhancedAuth] authlib_local_config.json not found, using default config.
2026-09-07 21:57:04 [verbose]: Host execution state changed to Stopping
2026-09-07 21:57:04 [error]: An unhandled error has occurred.
2026-09-07 21:57:04 [error]: System.ObjectDisposedException: Cannot access a disposed object.
2026-09-07 21:57:04 [error]: Object name: 'osu.Game.Rulesets.EnhancedAuth.UI.SomsLegacyTexture'.
2026-09-07 21:57:04 [error]: at osu.Framework.Graphics.Drawable.UpdateSubTree()
2026-09-07 21:57:04 [error]: at osu.Framework.Graphics.Containers.CompositeDrawable.UpdateSubTree()
2026-09-07 21:57:04 [error]: at osu.Framework.Graphics.Containers.CompositeDrawable.updateChild(Drawable c)
2026-09-07 21:57:04 [error]: at osu.Framework.Graphics.Containers.CompositeDrawable.UpdateSubTree()
2026-09-07 21:57:04 [error]: at osu.Framework.Graphics.Containers.CompositeDrawable.updateChild(Drawable c)
2026-09-07 21:57:04 [error]: at osu.Framework.Graphics.Containers.CompositeDrawable.UpdateSubTree()
2026-09-07 21:57:04 [error]: at osu.Framework.Graphics.Containers.CompositeDrawable.updateChild(Drawable c)
2026-09-07 21:57:04 [error]: at osu.Framework.Graphics.Containers.CompositeDrawable.UpdateSubTree()
2026-09-07 21:57:04 [error]: at osu.Framework.Graphics.Containers.CompositeDrawable.updateChild(Drawable c)
2026-09-07 21:57:04 [error]: at osu.Framework.Graphics.Containers.CompositeDrawable.UpdateSubTree()
2026-09-07 21:57:04 [error]: at osu.Framework.Graphics.Containers.CompositeDrawable.updateChild(Drawable c)
2026-09-07 21:57:04 [error]: at osu.Framework.Graphics.Containers.CompositeDrawable.UpdateSubTree()
2026-09-07 21:57:04 [error]: at osu.Framework.Graphics.Containers.CompositeDrawable.updateChild(Drawable c)
2026-09-07 21:57:04 [error]: at osu.Framework.Graphics.Containers.CompositeDrawable.UpdateSubTree()
2026-09-07 21:57:04 [error]: at osu.Framework.Graphics.Containers.CompositeDrawable.updateChild(Drawable c)
2026-09-07 21:57:04 [error]: at osu.Framework.Graphics.Containers.CompositeDrawable.UpdateSubTree()
2026-09-07 21:57:04 [error]: at osu.Framework.Graphics.Containers.CompositeDrawable.updateChild(Drawable c)
2026-09-07 21:57:04 [error]: at osu.Framework.Graphics.Containers.CompositeDrawable.UpdateSubTree()
2026-09-07 21:57:04 [error]: at osu.Framework.Graphics.Containers.CompositeDrawable.updateChild(Drawable c)
2026-09-07 21:57:04 [error]: at osu.Framework.Graphics.Containers.CompositeDrawable.UpdateSubTree()
2026-09-07 21:57:04 [error]: at osu.Framework.Graphics.Containers.CompositeDrawable.updateChild(Drawable c)
2026-09-07 21:57:04 [error]: at osu.Framework.Graphics.Containers.CompositeDrawable.UpdateSubTree()
2026-09-07 21:57:04 [error]: at osu.Framework.Graphics.Containers.CompositeDrawable.updateChild(Drawable c)
2026-09-07 21:57:04 [error]: at osu.Framework.Graphics.Containers.CompositeDrawable.UpdateSubTree()
2026-09-07 21:57:04 [error]: at osu.Framework.Graphics.Containers.CompositeDrawable.updateChild(Drawable c)
2026-09-07 21:57:04 [error]: at osu.Framework.Graphics.Containers.CompositeDrawable.UpdateSubTree()
2026-09-07 21:57:04 [error]: at osu.Framework.Graphics.Containers.CompositeDrawable.updateChild(Drawable c)
2026-09-07 21:57:04 [error]: at osu.Framework.Graphics.Containers.CompositeDrawable.UpdateSubTree()
2026-09-07 21:57:04 [error]: at osu.Framework.Graphics.Containers.CompositeDrawable.updateChild(Drawable c)
2026-09-07 21:57:04 [error]: at osu.Framework.Graphics.Containers.CompositeDrawable.UpdateSubTree()
2026-09-07 21:57:04 [error]: at osu.Framework.Graphics.Containers.CompositeDrawable.updateChild(Drawable c)
2026-09-07 21:57:04 [error]: at osu.Framework.Graphics.Containers.CompositeDrawable.UpdateSubTree()
2026-09-07 21:57:04 [error]: at osu.Framework.Platform.GameHost.UpdateFrame()
2026-09-07 21:57:04 [error]: at osu.Framework.Platform.HeadlessGameHost.UpdateFrame()
2026-09-07 21:57:04 [error]: at osu.Framework.Threading.GameThread.processFrame()
2026-09-07 21:57:04 [verbose]: Too many unhandled exceptions, crashing out.
2026-09-07 21:57:15 [verbose]: Host execution state changed to Stopped
