----------------------------------------------------------
runtime Log (LogLevel: Verbose)
Running somsai-load-9b172a2ce88d46bd9f159a008556633b 1.0.0.0 on .NET 8.0.20
Environment: Windows (Microsoft Windows NT 10.0.19045.0), 12 cores 
----------------------------------------------------------
2026-09-06 03:05:11 [verbose]: 🖼️ Initialising "Dummy" renderer with "OpenGL" surface
2026-09-06 03:05:11 [verbose]: Host execution state changed to Running
2026-09-06 03:05:11 [verbose]: Execution mode changed to MultiThreaded
2026-09-06 03:05:11 [verbose]: 🔈 BASS initialised
2026-09-06 03:05:11 [verbose]: BASS version:           2.4.17.48
2026-09-06 03:05:11 [verbose]: BASS FX version:        2.4.12.16
2026-09-06 03:05:11 [verbose]: BASS MIX version:       2.4.12.10
2026-09-06 03:05:11 [verbose]: Device:                 Default
2026-09-06 03:05:11 [verbose]: Driver:
2026-09-06 03:05:11 [verbose]: Device period length:   0
2026-09-06 03:05:11 [verbose]: Device buffer length:   10 ms
2026-09-06 03:05:11 [verbose]: Update period:          5 ms
2026-09-06 03:05:11 [verbose]: Playback buffer length: 100 ms
2026-09-06 03:05:11 [verbose]: Beginning realm file store cleanup
2026-09-06 03:05:11 [verbose]: Finished realm file store cleanup (0 of 0 deleted)
2026-09-06 03:05:12 [verbose]: Opened realm "E:\333\pythonEPTA\SERVAK\.sources\SomsAi.Load.Check\headless\somsai-load-9b172a2ce88d46bd9f159a008556633b\client.realm" at version 51
2026-09-06 03:05:12 [verbose]: [EnhancedAuth] authlib_local_config.json not found, using default config.
2026-09-06 03:05:12 [verbose]: 📺 OsuScreenStack#234(depth:1) loading SomsAiScreen#496
2026-09-06 03:05:13 [verbose]: 📺 OsuScreenStack#234(depth:1) entered SomsAiScreen#496
2026-09-06 03:05:13 [verbose]: 📺 OsuScreenStack#234(depth:1) suspended SomsAiScreen#496 (waiting on SomsAiScreen#634)
2026-09-06 03:05:13 [verbose]: 📺 OsuScreenStack#234(depth:2) loading SomsAiScreen#634
2026-09-06 03:05:13 [verbose]: 📺 OsuScreenStack#234(depth:2) entered SomsAiScreen#634
2026-09-06 03:05:13 [verbose]: 📺 OsuScreenStack#234(depth:2) suspended SomsAiScreen#634 (waiting on SomsTeamRankedPlayScreen#377)
2026-09-06 03:05:13 [verbose]: 📺 OsuScreenStack#234(depth:3) loading SomsTeamRankedPlayScreen#377
2026-09-06 03:05:13 [verbose]: 📺 OsuScreenStack#234(depth:3) entered SomsTeamRankedPlayScreen#377
2026-09-06 03:05:13 [verbose]: Host execution state changed to Stopping
2026-09-06 03:05:13 [verbose]: Host execution state changed to Stopped
