----------------------------------------------------------
network Log (LogLevel: Verbose)
Running somsai-load-64067f7e3df44e0cb608f8f49a027e7e 1.0.0.0 on .NET 8.0.20
Environment: Windows (Microsoft Windows NT 10.0.19045.0), 12 cores 
----------------------------------------------------------
2026-09-06 03:02:10 [verbose]: Request to https://assets.ppy.sh/client-resources/online.db.bz2?20260906 failed with System.Net.Http.HttpRequestException: Подключение не установлено, т.к. конечный компьютер отверг запрос на подключение. (127.0.0.1:9)
2026-09-06 03:02:10 [verbose]: ---> System.Net.Sockets.SocketException (10061): Подключение не установлено, т.к. конечный компьютер отверг запрос на подключение.
2026-09-06 03:02:10 [verbose]: at System.Net.Sockets.Socket.AwaitableSocketAsyncEventArgs.ThrowException(SocketError error, CancellationToken cancellationToken)
2026-09-06 03:02:10 [verbose]: at System.Net.Sockets.Socket.AwaitableSocketAsyncEventArgs.System.Threading.Tasks.Sources.IValueTaskSource.GetResult(Int16 token)
2026-09-06 03:02:10 [verbose]: at System.Net.Sockets.Socket.<ConnectAsync>g__WaitForConnectWithCancellation|285_0(AwaitableSocketAsyncEventArgs saea, ValueTask connectTask, CancellationToken cancellationToken)
2026-09-06 03:02:10 [verbose]: at osu.Framework.IO.Network.WebRequest.attemptConnection(AddressFamily addressFamily, SocketsHttpConnectionContext context, CancellationToken cancellationToken)
2026-09-06 03:02:10 [verbose]: at osu.Framework.IO.Network.WebRequest.onConnect(SocketsHttpConnectionContext context, CancellationToken cancellationToken)
2026-09-06 03:02:10 [verbose]: at System.Net.Http.HttpConnectionPool.ConnectToTcpHostAsync(String host, Int32 port, HttpRequestMessage initialRequest, Boolean async, CancellationToken cancellationToken)
2026-09-06 03:02:10 [verbose]: --- End of inner exception stack trace ---
2026-09-06 03:02:10 [verbose]: at System.Net.Http.HttpConnectionPool.ConnectToTcpHostAsync(String host, Int32 port, HttpRequestMessage initialRequest, Boolean async, CancellationToken cancellationToken)
2026-09-06 03:02:10 [verbose]: at System.Net.Http.HttpConnectionPool.ConnectAsync(HttpRequestMessage request, Boolean async, CancellationToken cancellationToken)
2026-09-06 03:02:10 [verbose]: at System.Net.Http.HttpConnectionPool.CreateHttp11ConnectionAsync(HttpRequestMessage request, Boolean async, CancellationToken cancellationToken)
2026-09-06 03:02:10 [verbose]: at System.Net.Http.HttpConnectionPool.AddHttp11ConnectionAsync(QueueItem queueItem)
2026-09-06 03:02:10 [verbose]: at System.Threading.Tasks.TaskCompletionSourceWithCancellation`1.WaitWithCancellationAsync(CancellationToken cancellationToken)
2026-09-06 03:02:10 [verbose]: at System.Net.Http.HttpConnectionPool.SendWithVersionDetectionAndRetryAsync(HttpRequestMessage request, Boolean async, Boolean doRequestAuth, CancellationToken cancellationToken)
2026-09-06 03:02:10 [verbose]: at System.Net.Http.HttpConnectionPool.EstablishProxyTunnelAsync(Boolean async, CancellationToken cancellationToken)
2026-09-06 03:02:10 [verbose]: at System.Net.Http.HttpConnectionPool.ConnectAsync(HttpRequestMessage request, Boolean async, CancellationToken cancellationToken)
2026-09-06 03:02:10 [verbose]: at System.Net.Http.HttpConnectionPool.CreateHttp11ConnectionAsync(HttpRequestMessage request, Boolean async, CancellationToken cancellationToken)
2026-09-06 03:02:10 [verbose]: at System.Net.Http.HttpConnectionPool.AddHttp11ConnectionAsync(QueueItem queueItem)
2026-09-06 03:02:10 [verbose]: at System.Threading.Tasks.TaskCompletionSourceWithCancellation`1.WaitWithCancellationAsync(CancellationToken cancellationToken)
2026-09-06 03:02:10 [verbose]: at System.Net.Http.HttpConnectionPool.SendWithVersionDetectionAndRetryAsync(HttpRequestMessage request, Boolean async, Boolean doRequestAuth, CancellationToken cancellationToken)
2026-09-06 03:02:10 [verbose]: at System.Net.Http.AuthenticationHelper.SendWithAuthAsync(HttpRequestMessage request, Uri authUri, Boolean async, ICredentials credentials, Boolean preAuthenticate, Boolean isProxyAuth, Boolean doRequestAuth, HttpConnectionPool pool, CancellationToken cancellationToken)
2026-09-06 03:02:10 [verbose]: at System.Net.Http.RedirectHandler.SendAsync(HttpRequestMessage request, Boolean async, CancellationToken cancellationToken)
2026-09-06 03:02:10 [verbose]: at System.Net.Http.DecompressionHandler.SendAsync(HttpRequestMessage request, Boolean async, CancellationToken cancellationToken)
2026-09-06 03:02:10 [verbose]: at System.Net.Http.HttpClient.<SendAsync>g__Core|83_0(HttpRequestMessage request, HttpCompletionOption completionOption, CancellationTokenSource cts, Boolean disposeCts, CancellationTokenSource pendingRequestsCts, CancellationToken originalCancellationToken)
2026-09-06 03:02:10 [verbose]: at osu.Framework.IO.Network.WebRequest.internalPerform(CancellationToken cancellationToken).
