----------------------------------------------------------
runtime Log (LogLevel: Verbose)
Running legacy-interface-3f23b52eea1d46cab317e8f8a791db7c 1.0.0.0 on .NET 8.0.20
Environment: Windows (Microsoft Windows NT 10.0.19045.0), 12 cores 
----------------------------------------------------------
2026-09-07 22:00:22 [verbose]: 🖼️ Initialising "Dummy" renderer with "OpenGL" surface
2026-09-07 22:00:22 [verbose]: Host execution state changed to Running
2026-09-07 22:00:22 [verbose]: Execution mode changed to MultiThreaded
2026-09-07 22:00:22 [verbose]: 🔈 BASS initialised
2026-09-07 22:00:22 [verbose]: BASS version:           2.4.17.48
2026-09-07 22:00:22 [verbose]: BASS FX version:        2.4.12.16
2026-09-07 22:00:22 [verbose]: BASS MIX version:       2.4.12.10
2026-09-07 22:00:22 [verbose]: Device:                 Default
2026-09-07 22:00:22 [verbose]: Driver:
2026-09-07 22:00:22 [verbose]: Device period length:   0
2026-09-07 22:00:22 [verbose]: Device buffer length:   10 ms
2026-09-07 22:00:22 [verbose]: Update period:          5 ms
2026-09-07 22:00:22 [verbose]: Playback buffer length: 100 ms
2026-09-07 22:00:22 [verbose]: Beginning realm file store cleanup
2026-09-07 22:00:22 [verbose]: Finished realm file store cleanup (0 of 0 deleted)
2026-09-07 22:00:23 [verbose]: Opened realm "E:\333\pythonEPTA\SERVAK\headless\legacy-interface-3f23b52eea1d46cab317e8f8a791db7c\client.realm" at version 51
2026-09-07 22:00:23 [verbose]: [EnhancedAuth] authlib_local_config.json not found, using default config.
2026-09-07 22:00:27 [verbose]: Host execution state changed to Stopping
2026-09-07 22:00:27 [verbose]: Host execution state changed to Stopped
