----------------------------------------------------------
runtime Log (LogLevel: Verbose)
Running somsai-load-8200cb699b0e40d788c306d91a1adceb 1.0.0.0 on .NET 8.0.20
Environment: Windows (Microsoft Windows NT 10.0.19045.0), 12 cores 
----------------------------------------------------------
2026-09-06 15:16:47 [verbose]: 🖼️ Initialising "Dummy" renderer with "OpenGL" surface
2026-09-06 15:16:47 [verbose]: Host execution state changed to Running
2026-09-06 15:16:47 [verbose]: Execution mode changed to MultiThreaded
2026-09-06 15:16:47 [verbose]: 🔈 BASS initialised
2026-09-06 15:16:47 [verbose]: BASS version:           2.4.17.48
2026-09-06 15:16:47 [verbose]: BASS FX version:        2.4.12.16
2026-09-06 15:16:47 [verbose]: BASS MIX version:       2.4.12.10
2026-09-06 15:16:47 [verbose]: Device:                 Default
2026-09-06 15:16:47 [verbose]: Driver:
2026-09-06 15:16:47 [verbose]: Device period length:   0
2026-09-06 15:16:47 [verbose]: Device buffer length:   10 ms
2026-09-06 15:16:47 [verbose]: Update period:          5 ms
2026-09-06 15:16:47 [verbose]: Playback buffer length: 100 ms
2026-09-06 15:16:48 [verbose]: Beginning realm file store cleanup
2026-09-06 15:16:48 [verbose]: Finished realm file store cleanup (0 of 0 deleted)
2026-09-06 15:16:48 [verbose]: Opened realm "E:\333\pythonEPTA\SERVAK\.sources\SomsAi.Load.Check\headless\somsai-load-8200cb699b0e40d788c306d91a1adceb\client.realm" at version 51
2026-09-06 15:16:48 [verbose]: [EnhancedAuth] authlib_local_config.json not found, using default config.
2026-09-06 15:16:49 [verbose]: 📺 OsuScreenStack#389(depth:1) loading SomsAiScreen#124
2026-09-06 15:16:50 [verbose]: 📺 OsuScreenStack#389(depth:1) entered SomsAiScreen#124
2026-09-06 15:16:50 [verbose]: 📺 OsuScreenStack#389(depth:1) suspended SomsAiScreen#124 (waiting on SomsAiMatchScreen#751)
2026-09-06 15:16:50 [verbose]: 📺 OsuScreenStack#389(depth:2) loading SomsAiMatchScreen#751
2026-09-06 15:16:50 [verbose]: 📺 OsuScreenStack#389(depth:2) entered SomsAiMatchScreen#751
2026-09-06 15:16:51 [error]: An unhandled error has occurred.
2026-09-06 15:16:51 [error]: System.NullReferenceException: Object reference not set to an instance of an object.
2026-09-06 15:16:51 [error]: at LoadGame.Update()
2026-09-06 15:16:51 [error]: at osu.Framework.Graphics.Drawable.UpdateSubTree()
2026-09-06 15:16:51 [error]: at osu.Framework.Graphics.Containers.CompositeDrawable.UpdateSubTree()
2026-09-06 15:16:51 [error]: at osu.Framework.Graphics.Containers.CompositeDrawable.updateChild(Drawable c)
2026-09-06 15:16:51 [error]: at osu.Framework.Graphics.Containers.CompositeDrawable.UpdateSubTree()
2026-09-06 15:16:51 [error]: at osu.Framework.Graphics.Containers.CompositeDrawable.updateChild(Drawable c)
2026-09-06 15:16:51 [error]: at osu.Framework.Graphics.Containers.CompositeDrawable.UpdateSubTree()
2026-09-06 15:16:51 [error]: at osu.Framework.Graphics.Containers.CompositeDrawable.updateChild(Drawable c)
2026-09-06 15:16:51 [error]: at osu.Framework.Graphics.Containers.CompositeDrawable.UpdateSubTree()
2026-09-06 15:16:51 [error]: at osu.Framework.Graphics.Containers.CompositeDrawable.updateChild(Drawable c)
2026-09-06 15:16:51 [error]: at osu.Framework.Graphics.Containers.CompositeDrawable.UpdateSubTree()
2026-09-06 15:16:51 [error]: at osu.Framework.Platform.GameHost.UpdateFrame()
2026-09-06 15:16:51 [error]: at osu.Framework.Platform.HeadlessGameHost.UpdateFrame()
2026-09-06 15:16:51 [error]: at osu.Framework.Threading.GameThread.processFrame()
2026-09-06 15:16:51 [verbose]: Host execution state changed to Stopping
2026-09-06 15:16:51 [verbose]: Too many unhandled exceptions, crashing out.
2026-09-06 15:17:01 [verbose]: Host execution state changed to Stopped
