----------------------------------------------------------
runtime Log (LogLevel: Verbose)
Running legacy-interface-35a177f47b494fd8b4af1fa8af267652 1.0.0.0 on .NET 8.0.20
Environment: Windows (Microsoft Windows NT 10.0.19045.0), 12 cores 
----------------------------------------------------------
2026-09-07 21:48:22 [verbose]: 🖼️ Initialising "Dummy" renderer with "OpenGL" surface
2026-09-07 21:48:22 [verbose]: Host execution state changed to Running
2026-09-07 21:48:22 [verbose]: Execution mode changed to MultiThreaded
2026-09-07 21:48:22 [verbose]: 🔈 BASS initialised
2026-09-07 21:48:22 [verbose]: BASS version:           2.4.17.48
2026-09-07 21:48:22 [verbose]: BASS FX version:        2.4.12.16
2026-09-07 21:48:22 [verbose]: BASS MIX version:       2.4.12.10
2026-09-07 21:48:22 [verbose]: Device:                 Default
2026-09-07 21:48:22 [verbose]: Driver:
2026-09-07 21:48:22 [verbose]: Device period length:   0
2026-09-07 21:48:22 [verbose]: Device buffer length:   10 ms
2026-09-07 21:48:22 [verbose]: Update period:          5 ms
2026-09-07 21:48:22 [verbose]: Playback buffer length: 100 ms
2026-09-07 21:48:23 [verbose]: Beginning realm file store cleanup
2026-09-07 21:48:23 [verbose]: Finished realm file store cleanup (0 of 0 deleted)
2026-09-07 21:48:24 [verbose]: Opened realm "E:\333\pythonEPTA\SERVAK\headless\legacy-interface-35a177f47b494fd8b4af1fa8af267652\client.realm" at version 51
2026-09-07 21:48:24 [verbose]: [EnhancedAuth] authlib_local_config.json not found, using default config.
2026-09-07 21:48:24 [error]: An unhandled error has occurred.
2026-09-07 21:48:24 [error]: System.InvalidOperationException: Sequence contains no matching element
2026-09-07 21:48:24 [error]: at System.Linq.ThrowHelper.ThrowNoMatchException()
2026-09-07 21:48:24 [error]: at System.Linq.Enumerable.First[TSource](IEnumerable`1 source, Func`2 predicate)
2026-09-07 21:48:24 [error]: at CheckGame.LoadComplete() in /work/LegacyInterface.Check/Program.cs:line 81
2026-09-07 21:48:24 [error]: at osu.Framework.Graphics.Drawable.loadComplete()
2026-09-07 21:48:24 [error]: at osu.Framework.Graphics.Drawable.UpdateSubTree()
2026-09-07 21:48:24 [error]: at osu.Framework.Graphics.Containers.CompositeDrawable.UpdateSubTree()
2026-09-07 21:48:24 [error]: at osu.Framework.Graphics.Containers.CompositeDrawable.updateChild(Drawable c)
2026-09-07 21:48:24 [error]: at osu.Framework.Graphics.Containers.CompositeDrawable.UpdateSubTree()
2026-09-07 21:48:24 [error]: at osu.Framework.Graphics.Containers.CompositeDrawable.updateChild(Drawable c)
2026-09-07 21:48:24 [error]: at osu.Framework.Graphics.Containers.CompositeDrawable.UpdateSubTree()
2026-09-07 21:48:24 [error]: at osu.Framework.Graphics.Containers.CompositeDrawable.updateChild(Drawable c)
2026-09-07 21:48:24 [error]: at osu.Framework.Graphics.Containers.CompositeDrawable.UpdateSubTree()
2026-09-07 21:48:24 [error]: at osu.Framework.Graphics.Containers.CompositeDrawable.updateChild(Drawable c)
2026-09-07 21:48:24 [error]: at osu.Framework.Graphics.Containers.CompositeDrawable.UpdateSubTree()
2026-09-07 21:48:24 [error]: at osu.Framework.Platform.GameHost.UpdateFrame()
2026-09-07 21:48:24 [error]: at osu.Framework.Threading.GameThread.processFrame()
2026-09-07 21:48:24 [verbose]: Host execution state changed to Stopping
2026-09-07 21:48:24 [verbose]: Too many unhandled exceptions, crashing out.
2026-09-07 21:48:34 [verbose]: Host execution state changed to Stopped
