----------------------------------------------------------
runtime Log (LogLevel: Verbose)
Running somsai-load-8730dff3e07f414297be2fa7b81df30f 1.0.0.0 on .NET 8.0.20
Environment: Windows (Microsoft Windows NT 10.0.19045.0), 12 cores 
----------------------------------------------------------
2026-09-06 15:18:58 [verbose]: 🖼️ Initialising "Dummy" renderer with "OpenGL" surface
2026-09-06 15:18:58 [verbose]: Host execution state changed to Running
2026-09-06 15:18:58 [verbose]: Execution mode changed to MultiThreaded
2026-09-06 15:18:58 [verbose]: 🔈 BASS initialised
2026-09-06 15:18:58 [verbose]: BASS version:           2.4.17.48
2026-09-06 15:18:58 [verbose]: BASS FX version:        2.4.12.16
2026-09-06 15:18:58 [verbose]: BASS MIX version:       2.4.12.10
2026-09-06 15:18:58 [verbose]: Device:                 Default
2026-09-06 15:18:58 [verbose]: Driver:
2026-09-06 15:18:58 [verbose]: Device period length:   0
2026-09-06 15:18:58 [verbose]: Device buffer length:   10 ms
2026-09-06 15:18:58 [verbose]: Update period:          5 ms
2026-09-06 15:18:58 [verbose]: Playback buffer length: 100 ms
2026-09-06 15:18:59 [verbose]: Beginning realm file store cleanup
2026-09-06 15:18:59 [verbose]: Finished realm file store cleanup (0 of 0 deleted)
2026-09-06 15:18:59 [verbose]: Opened realm "E:\333\pythonEPTA\SERVAK\.sources\SomsAi.Load.Check\headless\somsai-load-8730dff3e07f414297be2fa7b81df30f\client.realm" at version 51
2026-09-06 15:18:59 [verbose]: [EnhancedAuth] authlib_local_config.json not found, using default config.
2026-09-06 15:19:00 [verbose]: 📺 OsuScreenStack#389(depth:1) loading SomsAiScreen#124
2026-09-06 15:19:01 [verbose]: 📺 OsuScreenStack#389(depth:1) entered SomsAiScreen#124
2026-09-06 15:19:01 [verbose]: 📺 OsuScreenStack#389(depth:1) suspended SomsAiScreen#124 (waiting on SomsAiMatchScreen#751)
2026-09-06 15:19:01 [verbose]: 📺 OsuScreenStack#389(depth:2) loading SomsAiMatchScreen#751
2026-09-06 15:19:01 [verbose]: 📺 OsuScreenStack#389(depth:2) entered SomsAiMatchScreen#751
2026-09-06 15:19:01 [verbose]: 📺 OsuScreenStack#389(depth:2) suspended SomsAiMatchScreen#751 (waiting on SomsAiScreen#305)
2026-09-06 15:19:01 [verbose]: 📺 OsuScreenStack#389(depth:3) loading SomsAiScreen#305
2026-09-06 15:19:01 [verbose]: 📺 OsuScreenStack#389(depth:3) entered SomsAiScreen#305
2026-09-06 15:19:01 [verbose]: 📺 OsuScreenStack#389(depth:3) suspended SomsAiScreen#305 (waiting on SomsTeamRankedPlayScreen#585)
2026-09-06 15:19:01 [verbose]: 📺 OsuScreenStack#389(depth:4) loading SomsTeamRankedPlayScreen#585
2026-09-06 15:19:01 [verbose]: 📺 OsuScreenStack#389(depth:4) entered SomsTeamRankedPlayScreen#585
2026-09-06 15:19:01 [verbose]: Host execution state changed to Stopping
2026-09-06 15:19:01 [verbose]: Host execution state changed to Stopped
